{"logTime": "0818/145314", "correlationVector":"2/9yYadnBAm9tbqXUJ2pNr.1","action":"SyncServerConnectionManagerRequest", "result":"SYNC_SERVER_OK", "context":{"environment":"Prod_southeastasia_prod-s01-064-apac-southeastasia", "migrationStage":"NotStarted", "server":"akswtt003000014"}}
{"logTime": "0818/145315", "correlationVector":"2/9yYadnBAm9tbqXUJ2pNr.2","action":"AAD.Mip.Unpack", "result":"Success", "context":MIP_CLOUD_COMMERCIAL:Success}
{"logTime": "0818/145315", "correlationVector":"2/9yYadnBAm9tbqXUJ2pNr.3","action":"EncryptionKeysManager::SetEncryptionKeys:", "result":"Success", "context":Key names[4]:[JVmY5BFXfrME/X97jwaVRnsy2e+qjOQjwlu+fJK1J6keIn8OwYVZKSYMwtDcpSVgQsCbzce+3f9nWG/H2sDSvg==][kmohsi2tlP/dPGt81+2wEFjGNl2S0F6z0UdPONFxuUd1UfznYXaf1vqOJ1cO9L9xvQWicNXI+MK0lNezQJRn1Q==][3UyCivB8dJiIT136cSvCIgxVG59ftkbQRkWEPdqE5uOJbkWihM7uqg/QeYrLtn0imbNfYVLvwQRP44ofKIzglA==][LWqqRiaMbQGUvqxVRsLjL8VRQPx5/VFpn3bj4D097/fHRqRzVmo0P0a2f83KhO1rHOBTu7vcNO/aIAL4W9KLtA==]}
{"logTime": "0818/145315", "correlationVector":"2/9yYadnBAm9tbqXUJ2pNr.4","action":"AAD.GetKeyResponse", "result":"Success", "context":Keys=4.LastKeyStatus=Active. 2026-08-18 20:52:17 +07.State=None. Tags: Current_encryption_keys_tag = 77+9Vu+/vUfvv71g77+977+9Ye+/vV0q77+9DGHSle+/ve+/ve+/ve+/ve+/ve+/vVFwWt+H77+977+9Ve+/vQ==, Updated_current_encryption_keys_tag = Empty. Emails: ["66122660113@lpru.ac.th"]}
{"logTime": "0818/145315", "correlationVector":"2/9yYadnBAm9tbqXUJ2pNr.5","action":"ProcessGetUpdates", "result":"Done", "context":{"dataType":"Encryption Keys", "deleted":"0", "process_failed_to_decrypt":"0", "process_pending_decryption":"0", "process_success":"1", "total":"1"}}
{"logTime": "0818/145315", "correlationVector":"2/9yYadnBAm9tbqXUJ2pNr","action":"Initial GetUpdates", "result":"", "context":Reason: NEW_CLIENT. cV=2/9yYadnBAm9tbqXUJ2pNr}
{"logTime": "0818/145315", "correlationVector":"2/9yYadnBAm9tbqXUJ2pNr.6","action":"GetUpdates Response", "result":"Success", "context":Received 1 update(s). cV=2/9yYadnBAm9tbqXUJ2pNr.0;server=akswtt003000014;cloudType=Multitenant;environment=Prod_southeastasia_prod-s01-064-apac-southeastasia;migrationStage=NotStarted}
{"logTime": "0818/145315", "correlationVector":"hDKHSMAx9gFyug9BSWwegb","action":"Initial GetUpdates", "result":"", "context":Reason: NEW_CLIENT. cV=hDKHSMAx9gFyug9BSWwegb}
{"logTime": "0818/145315", "correlationVector":"hDKHSMAx9gFyug9BSWwegb.1","action":"SyncServerConnectionManagerRequest", "result":"SYNC_SERVER_OK", "context":{"environment":"Prod_southeastasia_prod-s01-064-apac-southeastasia", "migrationStage":"NotStarted", "server":"akswtt00300000r"}}
{"logTime": "0818/145315", "correlationVector":"hDKHSMAx9gFyug9BSWwegb.2","action":"ProcessGetUpdates", "result":"Done", "context":{"dataType":"Device Info", "deleted":"0", "process_failed_to_decrypt":"0", "process_pending_decryption":"0", "process_success":"5", "total":"5"}}
{"logTime": "0818/145315", "correlationVector":"hDKHSMAx9gFyug9BSWwegb.3","action":"GetUpdates Response", "result":"Success", "context":Received 5 update(s). cV=hDKHSMAx9gFyug9BSWwegb.0;server=akswtt00300000r;cloudType=Multitenant;environment=Prod_southeastasia_prod-s01-064-apac-southeastasia;migrationStage=NotStarted}
{"logTime": "0818/145315", "correlationVector":"bcs6IeOftlYln+ard8SKy7","action":"Initial GetUpdates", "result":"", "context":Reason: NEW_CLIENT. cV=bcs6IeOftlYln+ard8SKy7}
{"logTime": "0818/145316", "correlationVector":"bcs6IeOftlYln+ard8SKy7.1","action":"SyncServerConnectionManagerRequest", "result":"SYNC_SERVER_OK", "context":{"environment":"Prod_southeastasia_prod-s01-064-apac-southeastasia", "migrationStage":"NotStarted", "server":"akswtt00300000d"}}
{"logTime": "0818/145316", "correlationVector":"bcs6IeOftlYln+ard8SKy7.2","action":"ProcessGetUpdates", "result":"Done", "context":{"dataType":"Bookmarks", "deleted":"0", "process_failed_to_decrypt":"0", "process_pending_decryption":"0", "process_success":"28", "total":"28"}}
{"logTime": "0818/145316", "correlationVector":"bcs6IeOftlYln+ard8SKy7.3","action":"ProcessGetUpdates", "result":"Done", "context":{"dataType":"Preferences", "deleted":"0", "process_failed_to_decrypt":"0", "process_pending_decryption":"0", "process_success":"54", "total":"54"}}
{"logTime": "0818/145316", "correlationVector":"bcs6IeOftlYln+ard8SKy7.4","action":"ProcessGetUpdates", "result":"Done", "context":{"dataType":"Autofill", "deleted":"0", "process_failed_to_decrypt":"0", "process_pending_decryption":"0", "process_success":"1", "total":"1"}}
{"logTime": "0818/145316", "correlationVector":"bcs6IeOftlYln+ard8SKy7.5","action":"ProcessGetUpdates", "result":"Done", "context":{"dataType":"Sessions", "deleted":"0", "process_failed_to_decrypt":"0", "process_pending_decryption":"0", "process_success":"4", "total":"4"}}
{"logTime": "0818/145316", "correlationVector":"bcs6IeOftlYln+ard8SKy7.6","action":"GetUpdates Response", "result":"Success", "context":Received 87 update(s). cV=bcs6IeOftlYln+ard8SKy7.0;server=akswtt00300000d;cloudType=Multitenant;environment=Prod_southeastasia_prod-s01-064-apac-southeastasia;migrationStage=NotStarted}
{"logTime": "0818/145316", "correlationVector":"f24X1/cWKpmJAfY3QTn5TQ","action":"Initial GetUpdates", "result":"", "context":Reason: NEW_CLIENT. cV=f24X1/cWKpmJAfY3QTn5TQ}
{"logTime": "0818/145316", "correlationVector":"f24X1/cWKpmJAfY3QTn5TQ.1","action":"SyncServerConnectionManagerRequest", "result":"SYNC_SERVER_OK", "context":{"environment":"Prod_southeastasia_prod-s01-064-apac-southeastasia", "migrationStage":"NotStarted", "server":"akswtt00300000g"}}
{"logTime": "0818/145316", "correlationVector":"f24X1/cWKpmJAfY3QTn5TQ.2","action":"ProcessGetUpdates", "result":"Done", "context":{"dataType":"History", "deleted":"0", "process_failed_to_decrypt":"0", "process_pending_decryption":"0", "process_success":"21", "total":"21"}}
{"logTime": "0818/145316", "correlationVector":"f24X1/cWKpmJAfY3QTn5TQ.3","action":"GetUpdates Response", "result":"Success", "context":Received 21 update(s). cV=f24X1/cWKpmJAfY3QTn5TQ.0;server=akswtt00300000g;cloudType=Multitenant;environment=Prod_southeastasia_prod-s01-064-apac-southeastasia;migrationStage=NotStarted}
{"logTime": "0818/145316", "correlationVector":"n+/ldjfdG2BqP5desILju+","action":"Normal GetUpdate request", "result":"", "context":cV=n+/ldjfdG2BqP5desILju+
Nudged types: Sessions, Device Info, User Consents
Refresh requested types: Bookmarks, Preferences, Passwords, Autofill Profiles, Autofill, Extensions, Sessions, Extension settings, History Delete Directives, Device Info, User Consents, Send Tab To Self, Web Apps, History, Saved Tab Group, WebAuthn Credentials, Edge E Drop, Edge Hub App Usage, Edge Workspace, Encryption Keys}
{"logTime": "0818/145317", "correlationVector":"n+/ldjfdG2BqP5desILju+.1","action":"SyncServerConnectionManagerRequest", "result":"SYNC_SERVER_OK", "context":{"environment":"Prod_southeastasia_prod-s01-064-apac-southeastasia", "migrationStage":"NotStarted", "server":"akswtt00300000b"}}
{"logTime": "0818/145317", "correlationVector":"n+/ldjfdG2BqP5desILju+.2","action":"GetUpdates Response", "result":"Success", "context":Received 0 update(s). cV=n+/ldjfdG2BqP5desILju+.0;server=akswtt00300000b;cloudType=Multitenant;environment=Prod_southeastasia_prod-s01-064-apac-southeastasia;migrationStage=NotStarted}
{"logTime": "0818/145317", "correlationVector":"RTPqfe8ACEj9Omc0I5m9Zi","action":"DoCompareDataConsistency requsted types: ", "result":"Bookmarks, Preferences, Passwords, Extensions, Extension settings, History Delete Directives, Send Tab To Self, Web Apps, History, Saved Tab Group, WebAuthn Credentials, Edge E Drop, Edge Workspace, Encryption Keys"}
{"logTime": "0818/145317", "correlationVector":"RTPqfe8ACEj9Omc0I5m9Zi.0","action":"CompareDataConsistency result: ", "result":"Compare result: Encryption Keys is consistent. local entities count is: 1 local entities hash is: MHTqRTWN84BfbHp7b8Iqu3BtLaQ="}
{"logTime": "0818/145317", "correlationVector":"RTPqfe8ACEj9Omc0I5m9Zi.1","action":"CompareDataConsistency result: ", "result":"Compare result: Bookmarks is consistent. local entities count is: 22 local entities hash is: 9ycuryZdmL35QAzaREq25iDfYH8="}
{"logTime": "0818/145317", "correlationVector":"RTPqfe8ACEj9Omc0I5m9Zi.2","action":"CompareDataConsistency result: ", "result":"Compare result: Preferences is consistent. local entities count is: 54 local entities hash is: f0M/JXKdpaC5ZwxndoO1//IZ5SM="}
{"logTime": "0818/145317", "correlationVector":"RTPqfe8ACEj9Omc0I5m9Zi.3","action":"CompareDataConsistency result: ", "result":"Compare result: Passwords is consistent. local entities count is: 0 local entities hash is: "}
{"logTime": "0818/145317", "correlationVector":"RTPqfe8ACEj9Omc0I5m9Zi.4","action":"CompareDataConsistency result: ", "result":"Compare result: Extensions is consistent. local entities count is: 0 local entities hash is: "}
{"logTime": "0818/145317", "correlationVector":"RTPqfe8ACEj9Omc0I5m9Zi.5","action":"CompareDataConsistency result: ", "result":"Compare result: Extension settings is consistent. local entities count is: 0 local entities hash is: "}
{"logTime": "0818/145317", "correlationVector":"RTPqfe8ACEj9Omc0I5m9Zi.6","action":"CompareDataConsistency result: ", "result":"Compare result: History Delete Directives is consistent. local entities count is: 0 local entities hash is: "}
{"logTime": "0818/145317", "correlationVector":"RTPqfe8ACEj9Omc0I5m9Zi.7","action":"CompareDataConsistency result: ", "result":"Server did not send this Send Tab To Self local entities count is: 0 local entities hash is: "}
{"logTime": "0818/145317", "correlationVector":"RTPqfe8ACEj9Omc0I5m9Zi.8","action":"CompareDataConsistency result: ", "result":"Compare result: Web Apps is consistent. local entities count is: 0 local entities hash is: "}
{"logTime": "0818/145317", "correlationVector":"RTPqfe8ACEj9Omc0I5m9Zi.9","action":"CompareDataConsistency result: ", "result":"Server did not send this History local entities count is: 0 local entities hash is: "}
{"logTime": "0818/145317", "correlationVector":"RTPqfe8ACEj9Omc0I5m9Zi.10","action":"CompareDataConsistency result: ", "result":"Compare result: Saved Tab Group is consistent. local entities count is: 0 local entities hash is: "}
{"logTime": "0818/145317", "correlationVector":"RTPqfe8ACEj9Omc0I5m9Zi.11","action":"CompareDataConsistency result: ", "result":"Server did not send this WebAuthn Credentials local entities count is: 0 local entities hash is: "}
{"logTime": "0818/145317", "correlationVector":"RTPqfe8ACEj9Omc0I5m9Zi.12","action":"CompareDataConsistency result: ", "result":"Compare result: Edge E Drop is consistent. local entities count is: 0 local entities hash is: "}
{"logTime": "0818/145317", "correlationVector":"RTPqfe8ACEj9Omc0I5m9Zi.13","action":"CompareDataConsistency result: ", "result":"Server did not send this Edge Workspace local entities count is: 0 local entities hash is: "}
{"logTime": "0818/145317", "correlationVector":"SxdsfiraW97F9ESfL2J5B5","action":"Commit Request", "result":"", "context":Item count: 4
Contributing types: Sessions, Device Info, User Consents}
{"logTime": "0818/145318", "correlationVector":"SxdsfiraW97F9ESfL2J5B5.1","action":"SyncServerConnectionManagerRequest", "result":"SYNC_SERVER_OK", "context":{"environment":"Prod_southeastasia_prod-s01-064-apac-southeastasia", "migrationStage":"NotStarted", "server":"akswtt003000000"}}
{"logTime": "0818/145318", "correlationVector":"SxdsfiraW97F9ESfL2J5B5.2","action":"Commit Response", "result":"Success", "context":Result: Success. cV=SxdsfiraW97F9ESfL2J5B5.0;server=akswtt003000000;cloudType=Multitenant;environment=Prod_southeastasia_prod-s01-064-apac-southeastasia;migrationStage=NotStarted}
{"logTime": "0818/145318", "correlationVector":"","action":"DIAGNOSTIC_REQUEST|v1/diagnosticData/Diagnostic.SendCheckResult()|SUCCESS", "result":""}
{"logTime": "0818/145419", "correlationVector":"56R99IZlkX8kCPLtL0PviZ","action":"Commit Request", "result":"", "context":Item count: 6
Contributing types: Sessions, History}
{"logTime": "0818/145420", "correlationVector":"56R99IZlkX8kCPLtL0PviZ.1","action":"SyncServerConnectionManagerRequest", "result":"SYNC_SERVER_OK", "context":{"environment":"Prod_southeastasia_prod-s01-065-apac-southeastasia", "migrationStage":"NotStarted", "server":"akswtt00300001h"}}
{"logTime": "0818/145420", "correlationVector":"56R99IZlkX8kCPLtL0PviZ.2","action":"Commit Response", "result":"Success", "context":Result: Success. cV=56R99IZlkX8kCPLtL0PviZ.0;server=akswtt00300001h;cloudType=Multitenant;environment=Prod_southeastasia_prod-s01-065-apac-southeastasia;migrationStage=NotStarted}
{"logTime": "0818/145639", "correlationVector":"Pss2Su+dYvk5t+aiFY/ZrA","action":"Normal GetUpdate request", "result":"", "context":cV=Pss2Su+dYvk5t+aiFY/ZrA
Notified types: Device Info}
{"logTime": "0818/145639", "correlationVector":"Pss2Su+dYvk5t+aiFY/ZrA.1","action":"SyncServerConnectionManagerRequest", "result":"SYNC_SERVER_OK", "context":{"environment":"Prod_southeastasia_prod-s01-064-apac-southeastasia", "migrationStage":"NotStarted", "server":"akswtt00300000i"}}
{"logTime": "0818/145639", "correlationVector":"Pss2Su+dYvk5t+aiFY/ZrA.2","action":"ProcessGetUpdates", "result":"Done", "context":{"dataType":"Sessions", "deleted":"0", "process_failed_to_decrypt":"0", "process_pending_decryption":"0", "process_success":"4", "total":"4"}}
{"logTime": "0818/145639", "correlationVector":"Pss2Su+dYvk5t+aiFY/ZrA.3","action":"ProcessGetUpdates", "result":"Done", "context":{"dataType":"Device Info", "deleted":"0", "process_failed_to_decrypt":"0", "process_pending_decryption":"0", "process_success":"2", "total":"2"}}
{"logTime": "0818/145639", "correlationVector":"Pss2Su+dYvk5t+aiFY/ZrA.4","action":"ProcessGetUpdates", "result":"Done", "context":{"dataType":"History", "deleted":"0", "process_failed_to_decrypt":"0", "process_pending_decryption":"0", "process_success":"5", "total":"5"}}
{"logTime": "0818/145639", "correlationVector":"Pss2Su+dYvk5t+aiFY/ZrA.5","action":"GetUpdates Response", "result":"Success", "context":Received 11 update(s). cV=Pss2Su+dYvk5t+aiFY/ZrA.0;server=akswtt00300000i;cloudType=Multitenant;environment=Prod_southeastasia_prod-s01-064-apac-southeastasia;migrationStage=NotStarted}
{"logTime": "0818/145853", "correlationVector":"TgCg7e0PWNfgehkE1o5md8.1","action":"SyncServerConnectionManagerRequest", "result":"SYNC_SERVER_OK", "context":{"environment":"Prod_southeastasia_prod-s01-065-apac-southeastasia", "migrationStage":"NotStarted", "server":"akswtt00300001c"}}
{"logTime": "0818/145855", "correlationVector":"TgCg7e0PWNfgehkE1o5md8.2","action":"AAD.Mip.Unpack", "result":"Success", "context":MIP_CLOUD_COMMERCIAL:Success}
{"logTime": "0818/145855", "correlationVector":"TgCg7e0PWNfgehkE1o5md8.3","action":"EncryptionKeysManager::SetEncryptionKeys:", "result":"Success", "context":Key names[4]:[JVmY5BFXfrME/X97jwaVRnsy2e+qjOQjwlu+fJK1J6keIn8OwYVZKSYMwtDcpSVgQsCbzce+3f9nWG/H2sDSvg==][kmohsi2tlP/dPGt81+2wEFjGNl2S0F6z0UdPONFxuUd1UfznYXaf1vqOJ1cO9L9xvQWicNXI+MK0lNezQJRn1Q==][3UyCivB8dJiIT136cSvCIgxVG59ftkbQRkWEPdqE5uOJbkWihM7uqg/QeYrLtn0imbNfYVLvwQRP44ofKIzglA==][LWqqRiaMbQGUvqxVRsLjL8VRQPx5/VFpn3bj4D097/fHRqRzVmo0P0a2f83KhO1rHOBTu7vcNO/aIAL4W9KLtA==]}
{"logTime": "0818/145855", "correlationVector":"TgCg7e0PWNfgehkE1o5md8.4","action":"AAD.GetKeyResponse", "result":"Success", "context":Keys=4.LastKeyStatus=Active. 2026-08-18 20:52:17 +07.State=None. Tags: Current_encryption_keys_tag = 77+9Vu+/vUfvv71g77+977+9Ye+/vV0q77+9DGHSle+/ve+/ve+/ve+/ve+/ve+/vVFwWt+H77+977+9Ve+/vQ==, Updated_current_encryption_keys_tag = Empty. Emails: ["66122660113@lpru.ac.th"]}
{"logTime": "0818/145855", "correlationVector":"TgCg7e0PWNfgehkE1o5md8.5","action":"ProcessGetUpdates", "result":"Done", "context":{"dataType":"Encryption Keys", "deleted":"0", "process_failed_to_decrypt":"0", "process_pending_decryption":"0", "process_success":"1", "total":"1"}}
{"logTime": "0818/145855", "correlationVector":"TgCg7e0PWNfgehkE1o5md8","action":"Initial GetUpdates", "result":"", "context":Reason: NEW_CLIENT. cV=TgCg7e0PWNfgehkE1o5md8}
{"logTime": "0818/145855", "correlationVector":"TgCg7e0PWNfgehkE1o5md8.6","action":"GetUpdates Response", "result":"Success", "context":Received 1 update(s). cV=TgCg7e0PWNfgehkE1o5md8.0;server=akswtt00300001c;cloudType=Multitenant;environment=Prod_southeastasia_prod-s01-065-apac-southeastasia;migrationStage=NotStarted}
{"logTime": "0818/145855", "correlationVector":"KKbn9y6RC2jYsdcLU7D+Xu","action":"Normal GetUpdate request", "result":"", "context":cV=KKbn9y6RC2jYsdcLU7D+Xu
Nudged types: Sessions, History
Refresh requested types: Bookmarks, Preferences, Passwords, Autofill Profiles, Autofill, Extensions, Sessions, Extension settings, History Delete Directives, Device Info, User Consents, Send Tab To Self, Web Apps, History, Saved Tab Group, WebAuthn Credentials, Edge E Drop, Edge Hub App Usage, Edge Workspace, Encryption Keys}
{"logTime": "0818/145856", "correlationVector":"KKbn9y6RC2jYsdcLU7D+Xu.1","action":"SyncServerConnectionManagerRequest", "result":"SYNC_SERVER_OK", "context":{"environment":"Prod_southeastasia_prod-s01-064-apac-southeastasia", "migrationStage":"NotStarted", "server":"akswtt00300000k"}}
{"logTime": "0818/145856", "correlationVector":"KKbn9y6RC2jYsdcLU7D+Xu.2","action":"GetUpdates Response", "result":"Success", "context":Received 0 update(s). cV=KKbn9y6RC2jYsdcLU7D+Xu.0;server=akswtt00300000k;cloudType=Multitenant;environment=Prod_southeastasia_prod-s01-064-apac-southeastasia;migrationStage=NotStarted}
{"logTime": "0818/145856", "correlationVector":"MMqgSyFSvc8M+vMiecmdgx","action":"Commit Request", "result":"", "context":Item count: 5
Contributing types: Sessions, History}
{"logTime": "0818/145857", "correlationVector":"MMqgSyFSvc8M+vMiecmdgx.1","action":"SyncServerConnectionManagerRequest", "result":"SYNC_SERVER_OK", "context":{"environment":"Prod_southeastasia_prod-s01-064-apac-southeastasia", "migrationStage":"NotStarted", "server":"akswtt00300001d"}}
{"logTime": "0818/145857", "correlationVector":"MMqgSyFSvc8M+vMiecmdgx.3","action":"Commit.Sessions", "result":"Success", "context":{"id":"a98a504e-3e03-4029-b528-1c7c0eca4667", "isDeleted":"true", "size":"0", "version":"1787064859346"}}
{"logTime": "0818/145857", "correlationVector":"MMqgSyFSvc8M+vMiecmdgx.2","action":"Commit Response", "result":"Success", "context":Result: Success. cV=MMqgSyFSvc8M+vMiecmdgx.0;server=akswtt00300001d;cloudType=Multitenant;environment=Prod_southeastasia_prod-s01-064-apac-southeastasia;migrationStage=NotStarted}
{"logTime": "0818/145955", "correlationVector":"98zPMQrWa4WMhHNYedHBV3","action":"Commit Request", "result":"", "context":Item count: 3
Contributing types: Preferences, Sessions, History}
{"logTime": "0818/145955", "correlationVector":"98zPMQrWa4WMhHNYedHBV3.1","action":"SyncServerConnectionManagerRequest", "result":"SYNC_SERVER_OK", "context":{"environment":"Prod_southeastasia_prod-s01-064-apac-southeastasia", "migrationStage":"NotStarted", "server":"akswtt00300000x"}}
{"logTime": "0818/145955", "correlationVector":"98zPMQrWa4WMhHNYedHBV3.2","action":"Commit Response", "result":"Success", "context":Result: Success. cV=98zPMQrWa4WMhHNYedHBV3.0;server=akswtt00300000x;cloudType=Multitenant;environment=Prod_southeastasia_prod-s01-064-apac-southeastasia;migrationStage=NotStarted}
{"logTime": "0818/155029", "correlationVector":"6fGVbET7JJhMinFPL4jF5w.1","action":"SyncServerConnectionManagerRequest", "result":"SYNC_SERVER_OK", "context":{"environment":"Prod_southeastasia_prod-s01-064-apac-southeastasia", "migrationStage":"NotStarted", "server":"akswtt00300000y"}}
{"logTime": "0818/155030", "correlationVector":"6fGVbET7JJhMinFPL4jF5w.2","action":"AAD.Mip.Unpack", "result":"Success", "context":MIP_CLOUD_COMMERCIAL:Success}
{"logTime": "0818/155030", "correlationVector":"6fGVbET7JJhMinFPL4jF5w.3","action":"EncryptionKeysManager::SetEncryptionKeys:", "result":"Success", "context":Key names[4]:[JVmY5BFXfrME/X97jwaVRnsy2e+qjOQjwlu+fJK1J6keIn8OwYVZKSYMwtDcpSVgQsCbzce+3f9nWG/H2sDSvg==][kmohsi2tlP/dPGt81+2wEFjGNl2S0F6z0UdPONFxuUd1UfznYXaf1vqOJ1cO9L9xvQWicNXI+MK0lNezQJRn1Q==][3UyCivB8dJiIT136cSvCIgxVG59ftkbQRkWEPdqE5uOJbkWihM7uqg/QeYrLtn0imbNfYVLvwQRP44ofKIzglA==][LWqqRiaMbQGUvqxVRsLjL8VRQPx5/VFpn3bj4D097/fHRqRzVmo0P0a2f83KhO1rHOBTu7vcNO/aIAL4W9KLtA==]}
{"logTime": "0818/155030", "correlationVector":"6fGVbET7JJhMinFPL4jF5w.4","action":"AAD.GetKeyResponse", "result":"Success", "context":Keys=4.LastKeyStatus=Active. 2026-08-18 20:52:17 +07.State=None. Tags: Current_encryption_keys_tag = 77+9Vu+/vUfvv71g77+977+9Ye+/vV0q77+9DGHSle+/ve+/ve+/ve+/ve+/ve+/vVFwWt+H77+977+9Ve+/vQ==, Updated_current_encryption_keys_tag = Empty. Emails: ["66122660113@lpru.ac.th"]}
{"logTime": "0818/155030", "correlationVector":"6fGVbET7JJhMinFPL4jF5w.5","action":"ProcessGetUpdates", "result":"Done", "context":{"dataType":"Encryption Keys", "deleted":"0", "process_failed_to_decrypt":"0", "process_pending_decryption":"0", "process_success":"1", "total":"1"}}
{"logTime": "0818/155030", "correlationVector":"6fGVbET7JJhMinFPL4jF5w","action":"Initial GetUpdates", "result":"", "context":Reason: NEW_CLIENT. cV=6fGVbET7JJhMinFPL4jF5w}
{"logTime": "0818/155030", "correlationVector":"6fGVbET7JJhMinFPL4jF5w.6","action":"GetUpdates Response", "result":"Success", "context":Received 1 update(s). cV=6fGVbET7JJhMinFPL4jF5w.0;server=akswtt00300000y;cloudType=Multitenant;environment=Prod_southeastasia_prod-s01-064-apac-southeastasia;migrationStage=NotStarted}
{"logTime": "0818/155030", "correlationVector":"EX6T2N4jIN4ogdngTxUlZz","action":"Initial GetUpdates", "result":"", "context":Reason: NEWLY_SUPPORTED_DATATYPE. cV=EX6T2N4jIN4ogdngTxUlZz}
{"logTime": "0818/155030", "correlationVector":"EX6T2N4jIN4ogdngTxUlZz.1","action":"SyncServerConnectionManagerRequest", "result":"SYNC_SERVER_OK", "context":{"environment":"Prod_southeastasia_prod-s01-064-apac-southeastasia", "migrationStage":"NotStarted", "server":"akswtt00300001g"}}
{"logTime": "0818/155030", "correlationVector":"EX6T2N4jIN4ogdngTxUlZz.2","action":"ProcessGetUpdates", "result":"Done", "context":{"dataType":"Device Info", "deleted":"0", "process_failed_to_decrypt":"0", "process_pending_decryption":"0", "process_success":"7", "total":"7"}}
{"logTime": "0818/155030", "correlationVector":"EX6T2N4jIN4ogdngTxUlZz.3","action":"GetUpdates Response", "result":"Success", "context":Received 7 update(s). cV=EX6T2N4jIN4ogdngTxUlZz.0;server=akswtt00300001g;cloudType=Multitenant;environment=Prod_southeastasia_prod-s01-064-apac-southeastasia;migrationStage=NotStarted}
{"logTime": "0818/155030", "correlationVector":"M/2fqzO2SlfkJWb/vdcwDQ","action":"Initial GetUpdates", "result":"", "context":Reason: NEWLY_SUPPORTED_DATATYPE. cV=M/2fqzO2SlfkJWb/vdcwDQ}
{"logTime": "0818/155031", "correlationVector":"M/2fqzO2SlfkJWb/vdcwDQ.1","action":"SyncServerConnectionManagerRequest", "result":"SYNC_SERVER_OK", "context":{"environment":"Prod_southeastasia_prod-s01-064-apac-southeastasia", "migrationStage":"NotStarted", "server":"akswtt003000014"}}
{"logTime": "0818/155031", "correlationVector":"M/2fqzO2SlfkJWb/vdcwDQ.2","action":"ProcessGetUpdates", "result":"Done", "context":{"dataType":"Bookmarks", "deleted":"0", "process_failed_to_decrypt":"0", "process_pending_decryption":"0", "process_success":"28", "total":"28"}}
{"logTime": "0818/155031", "correlationVector":"M/2fqzO2SlfkJWb/vdcwDQ.3","action":"ProcessGetUpdates", "result":"Done", "context":{"dataType":"Preferences", "deleted":"1", "process_failed_to_decrypt":"0", "process_pending_decryption":"0", "process_success":"55", "total":"55"}}
{"logTime": "0818/155031", "correlationVector":"M/2fqzO2SlfkJWb/vdcwDQ.4","action":"ProcessGetUpdates", "result":"Done", "context":{"dataType":"Autofill", "deleted":"0", "process_failed_to_decrypt":"0", "process_pending_decryption":"0", "process_success":"1", "total":"1"}}
{"logTime": "0818/155031", "correlationVector":"M/2fqzO2SlfkJWb/vdcwDQ.5","action":"ProcessGetUpdates", "result":"Done", "context":{"dataType":"Sessions", "deleted":"3", "process_failed_to_decrypt":"0", "process_pending_decryption":"0", "process_success":"15", "total":"15"}}
{"logTime": "0818/155031", "correlationVector":"M/2fqzO2SlfkJWb/vdcwDQ.6","action":"ProcessGetUpdates", "result":"Done", "context":{"dataType":"Edge Hub App Usage", "deleted":"3", "process_failed_to_decrypt":"0", "process_pending_decryption":"0", "process_success":"3", "total":"3"}}
{"logTime": "0818/155031", "correlationVector":"M/2fqzO2SlfkJWb/vdcwDQ.7","action":"GetUpdates Response", "result":"Success", "context":Received 102 update(s). cV=M/2fqzO2SlfkJWb/vdcwDQ.0;server=akswtt003000014;cloudType=Multitenant;environment=Prod_southeastasia_prod-s01-064-apac-southeastasia;migrationStage=NotStarted}
{"logTime": "0818/155031", "correlationVector":"WY3O2296uPjVPQaP8Uu9cK","action":"Initial GetUpdates", "result":"", "context":Reason: NEWLY_SUPPORTED_DATATYPE. cV=WY3O2296uPjVPQaP8Uu9cK}
{"logTime": "0818/155031", "correlationVector":"WY3O2296uPjVPQaP8Uu9cK.1","action":"SyncServerConnectionManagerRequest", "result":"SYNC_SERVER_OK", "context":{"environment":"Prod_southeastasia_prod-s01-064-apac-southeastasia", "migrationStage":"NotStarted", "server":"akswtt003000002"}}
{"logTime": "0818/155031", "correlationVector":"WY3O2296uPjVPQaP8Uu9cK.2","action":"ProcessGetUpdates", "result":"Done", "context":{"dataType":"History", "deleted":"0", "process_failed_to_decrypt":"0", "process_pending_decryption":"0", "process_success":"41", "total":"41"}}
{"logTime": "0818/155031", "correlationVector":"WY3O2296uPjVPQaP8Uu9cK.3","action":"GetUpdates Response", "result":"Success", "context":Received 41 update(s). cV=WY3O2296uPjVPQaP8Uu9cK.0;server=akswtt003000002;cloudType=Multitenant;environment=Prod_southeastasia_prod-s01-064-apac-southeastasia;migrationStage=NotStarted}
{"logTime": "0818/155031", "correlationVector":"OkJYRJCWvBRBme+giwmkic","action":"Normal GetUpdate request", "result":"", "context":cV=OkJYRJCWvBRBme+giwmkic
Nudged types: Sessions, Device Info
Refresh requested types: Bookmarks, Preferences, Passwords, Autofill Profiles, Autofill, Extensions, Sessions, Extension settings, History Delete Directives, Device Info, User Consents, Send Tab To Self, Web Apps, History, Saved Tab Group, WebAuthn Credentials, Edge E Drop, Edge Hub App Usage, Edge Workspace, Encryption Keys}
{"logTime": "0818/155031", "correlationVector":"OkJYRJCWvBRBme+giwmkic.1","action":"SyncServerConnectionManagerRequest", "result":"SYNC_SERVER_OK", "context":{"environment":"Prod_southeastasia_prod-s01-064-apac-southeastasia", "migrationStage":"NotStarted", "server":"akswtt00300001g"}}
{"logTime": "0818/155031", "correlationVector":"OkJYRJCWvBRBme+giwmkic.2","action":"GetUpdates Response", "result":"Success", "context":Received 0 update(s). cV=OkJYRJCWvBRBme+giwmkic.0;server=akswtt00300001g;cloudType=Multitenant;environment=Prod_southeastasia_prod-s01-064-apac-southeastasia;migrationStage=NotStarted}
{"logTime": "0818/155031", "correlationVector":"Be1tlUOG1ioO9+TzTf3q8o","action":"Commit Request", "result":"", "context":Item count: 3
Contributing types: Sessions, Device Info}
{"logTime": "0818/155032", "correlationVector":"Be1tlUOG1ioO9+TzTf3q8o.1","action":"SyncServerConnectionManagerRequest", "result":"SYNC_SERVER_OK", "context":{"environment":"Prod_southeastasia_prod-s01-064-apac-southeastasia", "migrationStage":"NotStarted", "server":"akswtt00300001l"}}
{"logTime": "0818/155032", "correlationVector":"Be1tlUOG1ioO9+TzTf3q8o.2","action":"Commit Response", "result":"Success", "context":Result: Success. cV=Be1tlUOG1ioO9+TzTf3q8o.0;server=akswtt00300001l;cloudType=Multitenant;environment=Prod_southeastasia_prod-s01-064-apac-southeastasia;migrationStage=NotStarted}
{"logTime": "0818/155405", "correlationVector":"QveZD+BtzH8N4fs4tFaXAT.1","action":"SyncServerConnectionManagerRequest", "result":"SYNC_SERVER_OK", "context":{"environment":"Prod_southeastasia_prod-s01-064-apac-southeastasia", "migrationStage":"NotStarted", "server":"akswtt00300000y"}}
{"logTime": "0818/155406", "correlationVector":"QveZD+BtzH8N4fs4tFaXAT.2","action":"AAD.Mip.Unpack", "result":"Success", "context":MIP_CLOUD_COMMERCIAL:Success}
{"logTime": "0818/155406", "correlationVector":"QveZD+BtzH8N4fs4tFaXAT.3","action":"EncryptionKeysManager::SetEncryptionKeys:", "result":"Success", "context":Key names[4]:[JVmY5BFXfrME/X97jwaVRnsy2e+qjOQjwlu+fJK1J6keIn8OwYVZKSYMwtDcpSVgQsCbzce+3f9nWG/H2sDSvg==][kmohsi2tlP/dPGt81+2wEFjGNl2S0F6z0UdPONFxuUd1UfznYXaf1vqOJ1cO9L9xvQWicNXI+MK0lNezQJRn1Q==][3UyCivB8dJiIT136cSvCIgxVG59ftkbQRkWEPdqE5uOJbkWihM7uqg/QeYrLtn0imbNfYVLvwQRP44ofKIzglA==][LWqqRiaMbQGUvqxVRsLjL8VRQPx5/VFpn3bj4D097/fHRqRzVmo0P0a2f83KhO1rHOBTu7vcNO/aIAL4W9KLtA==]}
{"logTime": "0818/155406", "correlationVector":"QveZD+BtzH8N4fs4tFaXAT.4","action":"AAD.GetKeyResponse", "result":"Success", "context":Keys=4.LastKeyStatus=Active. 2026-08-18 20:52:17 +07.State=None. Tags: Current_encryption_keys_tag = 77+9Vu+/vUfvv71g77+977+9Ye+/vV0q77+9DGHSle+/ve+/ve+/ve+/ve+/ve+/vVFwWt+H77+977+9Ve+/vQ==, Updated_current_encryption_keys_tag = Empty. Emails: ["66122660113@lpru.ac.th"]}
{"logTime": "0818/155406", "correlationVector":"QveZD+BtzH8N4fs4tFaXAT.5","action":"ProcessGetUpdates", "result":"Done", "context":{"dataType":"Encryption Keys", "deleted":"0", "process_failed_to_decrypt":"0", "process_pending_decryption":"0", "process_success":"1", "total":"1"}}
{"logTime": "0818/155406", "correlationVector":"QveZD+BtzH8N4fs4tFaXAT","action":"Initial GetUpdates", "result":"", "context":Reason: NEW_CLIENT. cV=QveZD+BtzH8N4fs4tFaXAT}
{"logTime": "0818/155406", "correlationVector":"QveZD+BtzH8N4fs4tFaXAT.6","action":"GetUpdates Response", "result":"Success", "context":Received 1 update(s). cV=QveZD+BtzH8N4fs4tFaXAT.0;server=akswtt00300000y;cloudType=Multitenant;environment=Prod_southeastasia_prod-s01-064-apac-southeastasia;migrationStage=NotStarted}
{"logTime": "0818/155406", "correlationVector":"rZKMLAUkJEGCvGcQFbjhNf","action":"Normal GetUpdate request", "result":"", "context":cV=rZKMLAUkJEGCvGcQFbjhNf
Nudged types: Sessions, History
Refresh requested types: Bookmarks, Preferences, Passwords, Autofill Profiles, Autofill, Extensions, Sessions, Extension settings, History Delete Directives, Device Info, User Consents, Send Tab To Self, Web Apps, History, Saved Tab Group, WebAuthn Credentials, Edge E Drop, Edge Hub App Usage, Edge Workspace, Encryption Keys}
{"logTime": "0818/155406", "correlationVector":"rZKMLAUkJEGCvGcQFbjhNf.1","action":"SyncServerConnectionManagerRequest", "result":"SYNC_SERVER_OK", "context":{"environment":"Prod_southeastasia_prod-s01-064-apac-southeastasia", "migrationStage":"NotStarted", "server":"akswtt00300000g"}}
{"logTime": "0818/155406", "correlationVector":"rZKMLAUkJEGCvGcQFbjhNf.2","action":"ProcessGetUpdates", "result":"Done", "context":{"dataType":"Sessions", "deleted":"0", "process_failed_to_decrypt":"0", "process_pending_decryption":"0", "process_success":"2", "total":"2"}}
{"logTime": "0818/155406", "correlationVector":"rZKMLAUkJEGCvGcQFbjhNf.3","action":"ProcessGetUpdates", "result":"Done", "context":{"dataType":"Device Info", "deleted":"0", "process_failed_to_decrypt":"0", "process_pending_decryption":"0", "process_success":"1", "total":"1"}}
{"logTime": "0818/155406", "correlationVector":"rZKMLAUkJEGCvGcQFbjhNf.4","action":"GetUpdates Response", "result":"Success", "context":Received 3 update(s). cV=rZKMLAUkJEGCvGcQFbjhNf.0;server=akswtt00300000g;cloudType=Multitenant;environment=Prod_southeastasia_prod-s01-064-apac-southeastasia;migrationStage=NotStarted}
{"logTime": "0818/155406", "correlationVector":"iQJMM+GZLgHxEuVlbp59mr","action":"Commit Request", "result":"", "context":Item count: 9
Contributing types: Sessions, History}
{"logTime": "0818/155408", "correlationVector":"iQJMM+GZLgHxEuVlbp59mr.1","action":"SyncServerConnectionManagerRequest", "result":"SYNC_SERVER_OK", "context":{"environment":"Prod_southeastasia_prod-s01-064-apac-southeastasia", "migrationStage":"NotStarted", "server":"akswtt00300001f"}}
{"logTime": "0818/155408", "correlationVector":"iQJMM+GZLgHxEuVlbp59mr.2","action":"Commit Response", "result":"Success", "context":Result: Success. cV=iQJMM+GZLgHxEuVlbp59mr.0;server=akswtt00300001f;cloudType=Multitenant;environment=Prod_southeastasia_prod-s01-064-apac-southeastasia;migrationStage=NotStarted}
{"logTime": "0818/155505", "correlationVector":"tOVdA1pcmc5mQYOroahAIK","action":"Commit Request", "result":"", "context":Item count: 4
Contributing types: Preferences, Sessions, History}
{"logTime": "0818/155506", "correlationVector":"tOVdA1pcmc5mQYOroahAIK.1","action":"SyncServerConnectionManagerRequest", "result":"SYNC_SERVER_OK", "context":{"environment":"Prod_southeastasia_prod-s01-064-apac-southeastasia", "migrationStage":"NotStarted", "server":"akswtt00300000u"}}
{"logTime": "0818/155506", "correlationVector":"tOVdA1pcmc5mQYOroahAIK.2","action":"Commit Response", "result":"Success", "context":Result: Success. cV=tOVdA1pcmc5mQYOroahAIK.0;server=akswtt00300000u;cloudType=Multitenant;environment=Prod_southeastasia_prod-s01-064-apac-southeastasia;migrationStage=NotStarted}
{"logTime": "0818/155506", "correlationVector":"tOVdA1pcmc5mQYOroahAIK.3","action":"Commit.Sessions", "result":"Success", "context":{"id":"3ba85609-784e-462e-877b-0452f0ddd6a0", "isDeleted":"true", "size":"0", "version":"1787068446665"}}
{"logTime": "0818/155541", "correlationVector":"2On3unyOybDpgI1FWE5f4u","action":"Commit Request", "result":"", "context":Item count: 4
Contributing types: Preferences, Sessions, History}
{"logTime": "0818/155542", "correlationVector":"2On3unyOybDpgI1FWE5f4u.1","action":"SyncServerConnectionManagerRequest", "result":"SYNC_SERVER_OK", "context":{"environment":"Prod_southeastasia_prod-s01-064-apac-southeastasia", "migrationStage":"NotStarted", "server":"akswtt00300000l"}}
{"logTime": "0818/155542", "correlationVector":"2On3unyOybDpgI1FWE5f4u.3","action":"Commit.Preferences", "result":"Success", "context":{"id":"12b0a925-8568-49c1-aab4-5203f2056f41", "isDeleted":"true", "size":"0", "version":"1787068505013"}}
{"logTime": "0818/155542", "correlationVector":"2On3unyOybDpgI1FWE5f4u.2","action":"Commit Response", "result":"Success", "context":Result: Success. cV=2On3unyOybDpgI1FWE5f4u.0;server=akswtt00300000l;cloudType=Multitenant;environment=Prod_southeastasia_prod-s01-064-apac-southeastasia;migrationStage=NotStarted}
{"logTime": "0818/155544", "correlationVector":"45BwZz4hX1eyYd9uRDXhly","action":"Commit Request", "result":"", "context":Item count: 1
Contributing types: Preferences}
{"logTime": "0818/155545", "correlationVector":"45BwZz4hX1eyYd9uRDXhly.1","action":"SyncServerConnectionManagerRequest", "result":"SYNC_SERVER_OK", "context":{"environment":"Prod_southeastasia_prod-s01-064-apac-southeastasia", "migrationStage":"NotStarted", "server":"akswtt00300001c"}}
{"logTime": "0818/155545", "correlationVector":"45BwZz4hX1eyYd9uRDXhly.2","action":"Commit Response", "result":"Success", "context":Result: Success. cV=45BwZz4hX1eyYd9uRDXhly.0;server=akswtt00300001c;cloudType=Multitenant;environment=Prod_southeastasia_prod-s01-064-apac-southeastasia;migrationStage=NotStarted}
{"logTime": "0818/155645", "correlationVector":"EYPLYpBfwl8OI2lWbmI+vF","action":"Commit Request", "result":"", "context":Item count: 3
Contributing types: Sessions, History}
{"logTime": "0818/155646", "correlationVector":"EYPLYpBfwl8OI2lWbmI+vF.1","action":"SyncServerConnectionManagerRequest", "result":"SYNC_SERVER_OK", "context":{"environment":"Prod_southeastasia_prod-s01-065-apac-southeastasia", "migrationStage":"NotStarted", "server":"akswtt00300000i"}}
{"logTime": "0818/155646", "correlationVector":"EYPLYpBfwl8OI2lWbmI+vF.2","action":"Commit Response", "result":"Success", "context":Result: Success. cV=EYPLYpBfwl8OI2lWbmI+vF.0;server=akswtt00300000i;cloudType=Multitenant;environment=Prod_southeastasia_prod-s01-065-apac-southeastasia;migrationStage=NotStarted}
{"logTime": "0818/155809", "correlationVector":"KTYne7ikKRUS0vFD5t5U6w","action":"Commit Request", "result":"", "context":Item count: 1
Contributing types: Sessions}
{"logTime": "0818/155810", "correlationVector":"KTYne7ikKRUS0vFD5t5U6w.1","action":"SyncServerConnectionManagerRequest", "result":"SYNC_SERVER_OK", "context":{"environment":"Prod_southeastasia_prod-s01-065-apac-southeastasia", "migrationStage":"NotStarted", "server":"akswtt003000008"}}
{"logTime": "0818/155810", "correlationVector":"KTYne7ikKRUS0vFD5t5U6w.2","action":"Commit Response", "result":"Success", "context":Result: Success. cV=KTYne7ikKRUS0vFD5t5U6w.0;server=akswtt003000008;cloudType=Multitenant;environment=Prod_southeastasia_prod-s01-065-apac-southeastasia;migrationStage=NotStarted}
{"logTime": "0818/155912", "correlationVector":"tpY8uTht5fu17aTGZyNAjg","action":"Commit Request", "result":"", "context":Item count: 1
Contributing types: Sessions}
{"logTime": "0818/155912", "correlationVector":"tpY8uTht5fu17aTGZyNAjg.1","action":"SyncServerConnectionManagerRequest", "result":"SYNC_SERVER_OK", "context":{"environment":"Prod_southeastasia_prod-s01-064-apac-southeastasia", "migrationStage":"NotStarted", "server":"akswtt00300001a"}}
{"logTime": "0818/155912", "correlationVector":"tpY8uTht5fu17aTGZyNAjg.2","action":"Commit Response", "result":"Success", "context":Result: Success. cV=tpY8uTht5fu17aTGZyNAjg.0;server=akswtt00300001a;cloudType=Multitenant;environment=Prod_southeastasia_prod-s01-064-apac-southeastasia;migrationStage=NotStarted}
